44302 21:15:51.822326 execve("./a.out", ["./a.out"], 0x7fff142dd0f8 /* 55 vars */) = 0 <0.000604>
44302 21:15:51.823374 brk(NULL)         = 0x5592b465b000 <0.000024>
44302 21:15:51.823478 arch_prctl(0x3001 /* ARCH_??? */, 0x7fff01ce80a0) = -1 EINVAL (Invalid argument) <0.000018>
44302 21:15:51.823729 access("/etc/ld.so.preload", R_OK) = -1 ENOENT (No such file or directory) <0.000114>
44302 21:15:51.823954 openat(AT_FDCWD, "/etc/ld.so.cache", O_RDONLY|O_CLOEXEC) = 3 <0.000033>
44302 21:15:51.824064 fstat(3, {st_mode=S_IFREG|0644, st_size=115527, ...}) = 0 <0.000006>
44302 21:15:51.824091 mmap(NULL, 115527, PROT_READ, MAP_PRIVATE, 3, 0) = 0x7f229f2d1000 <0.000008>
44302 21:15:51.824113 close(3)          = 0 <0.000004>
44302 21:15:51.824136 openat(AT_FDCWD, "/lib/x86_64-linux-gnu/libc.so.6", O_RDONLY|O_CLOEXEC) = 3 <0.000009>
44302 21:15:51.824157 read(3, "\177ELF\2\1\1\3\0\0\0\0\0\0\0\0\3\0>\0\1\0\0\0\300A\2\0\0\0\0\0"..., 832) = 832 <0.000005>
44302 21:15:51.824176 pread64(3, "\6\0\0\0\4\0\0\0@\0\0\0\0\0\0\0@\0\0\0\0\0\0\0@\0\0\0\0\0\0\0"..., 784, 64) = 784 <0.000005>
44302 21:15:51.824192 pread64(3, "\4\0\0\0\20\0\0\0\5\0\0\0GNU\0\2\0\0\300\4\0\0\0\3\0\0\0\0\0\0\0", 32, 848) = 32 <0.000005>
44302 21:15:51.824223 pread64(3, "\4\0\0\0\24\0\0\0\3\0\0\0GNU\0\3#\253H\6\276\346\370F\331\255K\314\374)\257"..., 68, 880) = 68 <0.000013>
44302 21:15:51.824254 fstat(3, {st_mode=S_IFREG|0755, st_size=2029592, ...}) = 0 <0.000005>
44302 21:15:51.824275 mmap(NULL, 8192, PROT_READ|PROT_WRITE, MAP_PRIVATE|MAP_ANONYMOUS, -1, 0) = 0x7f229f2cf000 <0.000006>
44302 21:15:51.824295 pread64(3, "\6\0\0\0\4\0\0\0@\0\0\0\0\0\0\0@\0\0\0\0\0\0\0@\0\0\0\0\0\0\0"..., 784, 64) = 784 <0.000004>
44302 21:15:51.824311 pread64(3, "\4\0\0\0\20\0\0\0\5\0\0\0GNU\0\2\0\0\300\4\0\0\0\3\0\0\0\0\0\0\0", 32, 848) = 32 <0.000004>
44302 21:15:51.824325 pread64(3, "\4\0\0\0\24\0\0\0\3\0\0\0GNU\0\3#\253H\6\276\346\370F\331\255K\314\374)\257"..., 68, 880) = 68 <0.000003>
44302 21:15:51.824339 mmap(NULL, 2037344, PROT_READ, MAP_PRIVATE|MAP_DENYWRITE, 3, 0) = 0x7f229f0dd000 <0.000006>
44302 21:15:51.824355 mmap(0x7f229f0ff000, 1540096, PROT_READ|PROT_EXEC, MAP_PRIVATE|MAP_FIXED|MAP_DENYWRITE, 3, 0x22000) = 0x7f229f0ff000 <0.000010>
44302 21:15:51.824375 mmap(0x7f229f277000, 319488, PROT_READ, MAP_PRIVATE|MAP_FIXED|MAP_DENYWRITE, 3, 0x19a000) = 0x7f229f277000 <0.000007>
44302 21:15:51.824392 mmap(0x7f229f2c5000, 24576, PROT_READ|PROT_WRITE, MAP_PRIVATE|MAP_FIXED|MAP_DENYWRITE, 3, 0x1e7000) = 0x7f229f2c5000 <0.000006>
44302 21:15:51.824411 mmap(0x7f229f2cb000, 13920, PROT_READ|PROT_WRITE, MAP_PRIVATE|MAP_FIXED|MAP_ANONYMOUS, -1, 0) = 0x7f229f2cb000 <0.000005>
44302 21:15:51.824430 close(3)          = 0 <0.000004>
44302 21:15:51.824454 arch_prctl(ARCH_SET_FS, 0x7f229f2d0540) = 0 <0.000004>
44302 21:15:51.824494 mprotect(0x7f229f2c5000, 16384, PROT_READ) = 0 <0.000006>
44302 21:15:51.824515 mprotect(0x5592795cf000, 4096, PROT_READ) = 0 <0.000005>
44302 21:15:51.824534 mprotect(0x7f229f31b000, 4096, PROT_READ) = 0 <0.000007>
44302 21:15:51.824552 munmap(0x7f229f2d1000, 115527) = 0 <0.000014>
44302 21:15:51.824599 pipe([3, 4])      = 0 <0.000010>
44302 21:15:51.824628 clone(child_stack=NULL, flags=CLONE_CHILD_CLEARTID|CLONE_CHILD_SETTID|SIGCHLD, child_tidptr=0x7f229f2d0810) = 44303 <0.000062>
44303 21:15:51.824713 close(4 <unfinished ...>
44302 21:15:51.824723 close(3 <unfinished ...>
44303 21:15:51.824727 <... close resumed>) = 0 <0.000005>
44302 21:15:51.824732 <... close resumed>) = 0 <0.000005>
44303 21:15:51.824736 read(3,  <unfinished ...>
44302 21:15:51.824740 write(4, "PING", 4) = 4 <0.000015>
44303 21:15:51.824766 <... read resumed>"PING", 4) = 4 <0.000027>
44302 21:15:51.824772 close(4 <unfinished ...>
44303 21:15:51.824776 close(3 <unfinished ...>
44302 21:15:51.824780 <... close resumed>) = 0 <0.000004>
44302 21:15:51.824798 wait4(44303,  <unfinished ...>
44303 21:15:51.824802 <... close resumed>) = 0 <0.000023>
44303 21:15:51.824836 fstat(1, {st_mode=S_IFCHR|0620, st_rdev=makedev(0x88, 0), ...}) = 0 <0.000005>
44303 21:15:51.824907 brk(NULL)         = 0x5592b465b000 <0.000015>
44303 21:15:51.824957 brk(0x5592b467c000) = 0x5592b467c000 <0.000007>
44303 21:15:51.824987 write(1, "child: got 4 bytes: 50 49 4E 47 "..., 42) = 42 <0.000014>
44303 21:15:51.825024 exit_group(0)     = ?
44303 21:15:51.825085 +++ exited with 0 +++
44302 21:15:51.825096 <... wait4 resumed>[{WIFEXITED(s) && WEXITSTATUS(s) == 0}], 0, NULL) = 44303 <0.000294>
44302 21:15:51.825109 --- SIGCHLD {si_signo=SIGCHLD, si_code=CLD_EXITED, si_pid=44303, si_uid=1000, si_status=0, si_utime=0, si_stime=0} ---
44302 21:15:51.825133 exit_group(0)     = ?
44302 21:15:51.825190 +++ exited with 0 +++
